[INFO] Scanning for projects...
[INFO] 
[INFO] ---------------< com.weeklyreport:weekly-report-backend >---------------
[INFO] Building weekly-report-backend 0.0.1-SNAPSHOT
[INFO]   from pom.xml
[INFO] --------------------------------[ jar ]---------------------------------
[INFO] 
[INFO] --- resources:3.3.1:resources (default-resources) @ weekly-report-backend ---
[INFO] Copying 1 resource from src/main/resources to target/classes
[INFO] Copying 30 resources from src/main/resources to target/classes
[INFO] 
[INFO] --- compiler:3.11.0:compile (default-compile) @ weekly-report-backend ---
[INFO] Nothing to compile - all classes are up to date
[INFO] ------------------------------------------------------------------------
[INFO] BUILD SUCCESS
[INFO] ------------------------------------------------------------------------
[INFO] Total time:  0.842 s
[INFO] Finished at: 2025-09-19T23:59:44+08:00
[INFO] ------------------------------------------------------------------------
